2026-06-19 18:40:00,238 - INFO - Home endpoint accessed
2026-06-19 21:03:42,641 - INFO - Returned latest 20 events
2026-06-19 21:03:51,436 - INFO - Returned latest 20 events
2026-06-19 21:04:05,442 - INFO - Returned latest 20 events
2026-06-19 21:04:06,925 - INFO - Returned latest 20 events
2026-06-19 21:04:07,111 - INFO - Animal history requested for Animal ID 35
2026-06-19 21:14:41,174 - INFO - Returned latest 20 events
2026-06-19 21:14:48,439 - INFO - Returned latest 20 events
2026-06-19 21:14:53,420 - INFO - Returned latest 20 events
2026-06-19 21:14:58,711 - INFO - Returned latest 20 events
2026-06-19 21:15:06,282 - INFO - Returned latest 20 events
2026-06-19 21:15:11,289 - INFO - Returned latest 20 events
2026-06-19 21:15:16,286 - INFO - Returned latest 20 events
2026-06-19 21:15:21,265 - INFO - Returned latest 20 events
2026-06-19 21:15:26,288 - INFO - Returned latest 20 events
2026-06-19 21:15:31,292 - INFO - Returned latest 20 events
2026-06-19 21:15:36,285 - INFO - Returned latest 20 events
2026-06-19 21:15:41,259 - INFO - Returned latest 20 events
2026-06-19 21:15:46,293 - INFO - Returned latest 20 events
2026-06-19 21:15:51,277 - INFO - Returned latest 20 events
2026-06-19 21:15:56,271 - INFO - Returned latest 20 events
2026-06-19 21:16:01,281 - INFO - Returned latest 20 events
2026-06-19 21:16:16,453 - INFO - Returned latest 20 events
2026-06-19 21:16:20,387 - INFO - Returned latest 20 events
2026-06-19 21:16:25,399 - INFO - Returned latest 20 events
2026-06-19 21:16:30,386 - INFO - Returned latest 20 events
2026-06-19 21:16:36,264 - INFO - Returned latest 20 events
2026-06-19 21:16:41,299 - INFO - Returned latest 20 events
2026-06-19 21:16:46,266 - INFO - Returned latest 20 events
2026-06-19 21:16:51,287 - INFO - Returned latest 20 events
2026-06-19 21:16:56,270 - INFO - Returned latest 20 events
2026-06-19 21:17:01,273 - INFO - Returned latest 20 events
2026-06-19 21:17:06,269 - INFO - Returned latest 20 events
2026-06-19 21:17:11,296 - INFO - Returned latest 20 events
2026-06-19 21:17:16,280 - INFO - Returned latest 20 events
2026-06-19 21:17:21,305 - INFO - Returned latest 20 events
2026-06-19 21:17:26,273 - INFO - Returned latest 20 events
2026-06-19 21:17:31,283 - INFO - Returned latest 20 events
2026-06-19 21:17:58,284 - INFO - Returned latest 20 events
2026-06-19 21:18:02,763 - INFO - Returned latest 20 events
2026-06-19 21:18:58,392 - INFO - Returned latest 20 events
2026-06-19 21:19:01,306 - INFO - Returned latest 20 events
2026-06-19 21:19:06,273 - INFO - Returned latest 20 events
2026-06-19 21:19:11,300 - INFO - Returned latest 20 events
2026-06-19 21:19:16,269 - INFO - Returned latest 20 events
2026-06-19 21:19:21,270 - INFO - Returned latest 20 events
2026-06-19 21:19:26,275 - INFO - Returned latest 20 events
2026-06-19 21:19:31,261 - INFO - Returned latest 20 events
2026-06-19 21:19:36,380 - INFO - Returned latest 20 events
2026-06-19 21:19:41,320 - INFO - Returned latest 20 events
2026-06-19 21:19:44,462 - INFO - Returned latest 20 events
2026-06-19 21:19:51,219 - INFO - Returned latest 20 events
2026-06-19 21:19:56,303 - INFO - Returned latest 20 events
2026-06-19 21:20:01,282 - INFO - Returned latest 20 events
2026-06-19 21:20:06,294 - INFO - Returned latest 20 events
2026-06-19 21:20:11,283 - INFO - Returned latest 20 events
2026-06-19 21:20:16,289 - INFO - Returned latest 20 events
2026-06-19 21:20:21,295 - INFO - Returned latest 20 events
2026-06-19 21:20:26,256 - INFO - Returned latest 20 events
2026-06-19 21:20:31,273 - INFO - Returned latest 20 events
2026-06-19 21:20:36,296 - INFO - Returned latest 20 events
2026-06-19 21:29:23,723 - INFO - Returned latest 20 events
2026-06-19 21:29:30,629 - INFO - Returned latest 20 events
2026-06-19 21:29:35,623 - INFO - Returned latest 20 events
2026-06-19 21:29:40,632 - INFO - Returned latest 20 events
2026-06-19 21:29:45,624 - INFO - Returned latest 20 events
2026-06-19 21:29:51,259 - INFO - Returned latest 20 events
2026-06-19 21:29:56,270 - INFO - Returned latest 20 events
2026-06-19 21:30:01,296 - INFO - Returned latest 20 events
2026-06-20 19:10:53,156 - INFO - Home endpoint accessed
2026-06-22 20:27:28,391 - INFO - /analytics endpoint called
2026-06-22 20:27:35,020 - INFO - Analytics Generated: {'total_events': 4, 'total_animals': 4, 'avg_temperature': 40.4, 'avg_heart_rate': Decimal('101.25'), 'high_risk_percent': 50.0}
2026-06-22 20:27:44,900 - INFO - /latest endpoint called
2026-06-22 20:27:45,459 - INFO - Returned latest 4 events
2026-06-22 20:27:56,906 - INFO - /stats endpoint called
2026-06-22 20:28:28,777 - INFO - /stats endpoint called
2026-06-22 20:28:40,929 - INFO - /stats endpoint called
2026-06-22 20:31:22,357 - INFO - /health endpoint called
2026-06-22 21:00:22,195 - INFO - /metrics endpoint called
2026-06-22 21:00:30,549 - INFO - Metrics Generated: Events=4, HighRisk=2
